;--------------------------------------------------------
; File Created by SDCC : free open source ISO C Compiler
; Version 4.6.3 #0 (UNIX)
;--------------------------------------------------------
	.module test_sm83
	
	.optsdcc -msm83 sdcccall(1)
;--------------------------------------------------------
; Public variables in this module
;--------------------------------------------------------
	.globl _main
	.globl _mul
	.globl _fib
	.globl _memset
	.globl _buf
;--------------------------------------------------------
; special function registers
;--------------------------------------------------------
;--------------------------------------------------------
; ram data
;--------------------------------------------------------
	.area _DATA
_buf::
	.ds 16
;--------------------------------------------------------
; ram data
;--------------------------------------------------------
	.area _INITIALIZED
;--------------------------------------------------------
; absolute ram data
;--------------------------------------------------------
	.area _DABS (ABS)
	.area _DABS (ABS)
;--------------------------------------------------------
; global & static initialisations
;--------------------------------------------------------
	.area _HOME
	.area _GSINIT
	.area _GSFINAL
	.area _GSINIT
;--------------------------------------------------------
; Home
;--------------------------------------------------------
	.area _HOME
	.area _HOME
;--------------------------------------------------------
; code
;--------------------------------------------------------
	.area _CODE
;test.c:6: int fib(int n) { return n < 2 ? n : fib(n-1) + fib(n-2); }
;	---------------------------------
; Function fib
; ---------------------------------
_fib::
	ld	c, e
	ld	b, d
	ld	a, c
	sub	a, #0x02
	ld	a, b
	rla
	ccf
	rra
	sbc	a, #0x80
	ret	c
	ld	e, c
	ld	d, b
	dec	de
	push	bc
	call	_fib
	ld	l, c
	ld	h, b
	pop	bc
	dec	bc
	dec	bc
	push	hl
	ld	e, c
	ld	d, b
	call	_fib
	pop	hl
	add	hl, bc
	ld	c, l
	ld	b, h
	ret
;test.c:8: long mul(long a, long b) { return a * b; }
;	---------------------------------
; Function mul
; ---------------------------------
_mul::
	ldhl	sp,	#4
	ld	a, (hl+)
	ld	h, (hl)
	ld	l, a
	push	hl
	ldhl	sp,	#4
	ld	a, (hl+)
	ld	h, (hl)
	ld	l, a
	push	hl
	call	__mullong
	pop	hl
	add	sp, #4
	jp	(hl)
;test.c:10: void main(void) {
;	---------------------------------
; Function main
; ---------------------------------
_main::
	add	sp, #-3
;test.c:12: memset(buf, 0, sizeof(buf));
	ld	de, #0x0010
	push	de
	ld	bc, #0x0000
	ld	de, #_buf
	call	_memset
;test.c:13: for (i = 0; i < 16; i++) buf[i] = fib(i) + (unsigned char)mul(i, 3);
	ld	c, #0x00
00102$:
	ld	a, #<(_buf)
	add	a, c
	push	af
	ldhl	sp,	#2
	pop	af
	ld	(hl+), a
	ld	a, #>(_buf)
	adc	a, #0x00
	ld	(hl), a
	ld	e, c
	ld	d, #0x00
	push	bc
	call	_fib
	ld	e, c
	pop	bc
	ldhl	sp,	#2
	ld	(hl), e
	ld	e, c
	xor	a, a
	ld	d, a
	ld	b, a
	push	bc
	ld	hl, #0x0000
	push	hl
	ld	l, #0x03
	push	hl
	ld	c, e
	ld	e, a
	push	af
	ld	a, d
	ld	d, b
	ld	b, a
	pop	af
	call	_mul
	ld	l, c
	pop	bc
	ld	a, l
	ldhl	sp,	#2
	add	a, (hl)
	pop	hl
	push	hl
	ld	(hl), a
	inc	c
	ld	a, c
	sub	a, #0x10
	jr	c, 00102$
;test.c:14: }
	add	sp, #3
	ret
	.area _CODE
	.area _INITIALIZER
	.area _CABS (ABS)
