bits 32

; glb main : (
; prm     argc : int
; prm     argv : * * char
;     ) int
section .text
	global	_main
_main:
	push	ebp
	mov	ebp, esp
	;sub	esp,          0
; loc     argc : (@8) : int
; loc     argv : (@12) : * * char
; return
; RPN'ized expression: "42 "
; Expanded expression: "42 "
; Expression value: 42
; Fused expression:    "42  "
	mov	eax, 42
	jmp	L1
; Fused expression:    "0  "
	mov	eax, 0
L1:
	leave
	ret



; Syntax/declaration table/stack:
; Bytes used: 105/15360


; Macro table:
; Macro __SMALLER_C__ = `0x0100`
; Macro __SMALLER_C_32__ = ``
; Macro __SMALLER_C_SCHAR__ = ``
; Macro __SMALLER_C_UWCHAR__ = ``
; Macro __SMALLER_C_WCHAR16__ = ``
; Bytes used: 110/5120


; Identifier table:
; Ident 
; Ident __floatsisf
; Ident __floatunsisf
; Ident __fixsfsi
; Ident __fixunssfsi
; Ident __addsf3
; Ident __subsf3
; Ident __negsf2
; Ident __mulsf3
; Ident __divsf3
; Ident __lesf2
; Ident __gesf2
; Ident main
; Ident argc
; Ident argv
; Bytes used: 141/5632

; Next label number: 3
; Compilation succeeded.
